// Jest Snapshot v1, https://goo.gl/fbAQLP

exports[`should render add expense correctly 1`] = `
<div>
  <div
    className="page-header"
  >
    <div
      className="content-container"
    >
      <h1
        className="page-header__title"
      >
        add expense
      </h1>
    </div>
  </div>
  <div
    className="content-container"
  >
    <ExpenseForm
      onSubmit={[Function]}
    />
  </div>
  <Link
    replace={false}
    to="/dashboard"
  >
    back
  </Link>
</div>
`;
