// Jest Snapshot v1, https://goo.gl/fbAQLP

exports[`ExpenseDashboardPage should render correctly 1`] = `
<div>
  <p>
     the dashboard component 
  </p>
  <Connect(ExpensesSummary) />
  <Connect(ExpenseListFilters) />
  <Connect(ExpenseList) />
</div>
`;
