// Jest Snapshot v1, https://goo.gl/fbAQLP

exports[`should render Header correctly 1`] = `
<header>
  <h1>
     The Title! 
  </h1>
  <ul>
    <li>
      <NavLink
        activeClassName="is-active"
        ariaCurrent="true"
        exact={true}
        to="/"
      >
        log in
      </NavLink>
    </li>
    <li>
      <NavLink
        activeClassName="is-active"
        ariaCurrent="true"
        exact={false}
        to="/dashboard"
      >
        dash
      </NavLink>
    </li>
    <li>
      <NavLink
        activeClassName="is-active"
        ariaCurrent="true"
        exact={false}
        to="/create"
      >
        add expense
      </NavLink>
    </li>
    <li>
      <NavLink
        activeClassName="is-active"
        ariaCurrent="true"
        exact={false}
        to="/help"
      >
        help
      </NavLink>
    </li>
    <NavLink
      activeClassName="is-active"
      ariaCurrent="true"
      exact={false}
      to="/dogs"
    >
      broken link
    </NavLink>
    <button
      onClick={[Function]}
    >
      Logout
    </button>
  </ul>
</header>
`;
